조선·방위산업_001.txt
조선·방위산업_002.txt
조선·방위산업_003.txt
조선·방위산업_004.txt
조선·방위산업_005.txt
조선·방위산업_006.txt
조선·방위산업_007.txt
조선·방위산업_008.txt
조선·방위산업_009.txt
조선·방위산업_010.txt
조선·방위산업_011.txt
조선·방위산업_012.txt
조선·방위산업_013.txt
조선·방위산업_014.txt
조선·방위산업_015.txt
조선·방위산업_016.txt
조선·방위산업_017.txt
조선·방위산업_018.txt
조선·방위산업_019.txt
조선·방위산업_020.txt
조선·방위산업_021.txt
조선·방위산업_022.txt
조선·방위산업_023.txt
조선·방위산업_024.txt
조선·방위산업_025.txt
조선·방위산업_026.txt
조선·방위산업_027.txt
조선·방위산업_028.txt
조선·방위산업_029.txt
조선·방위산업_030.txt
조선·방위산업_031.txt
조선·방위산업_032.txt
조선·방위산업_033.txt
조선·방위산업_034.txt
조선·방위산업_035.txt
조선·방위산업_036.txt
조선·방위산업_037.txt
조선·방위산업_038.txt
조선·방위산업_039.txt
조선·방위산업_040.txt
조선·방위산업_041.txt
조선·방위산업_042.txt
조선·방위산업_043.txt
조선·방위산업_044.txt
조선·방위산업_045.txt
조선·방위산업_046.txt
조선·방위산업_047.txt
조선·방위산업_048.txt
조선·방위산업_049.txt
조선·방위산업_050.txt
조선·방위산업_051.txt
조선·방위산업_052.txt
조선·방위산업_053.txt
한국경제·정책_001.txt
한국경제·정책_002.txt
한국경제·정책_003.txt
한국경제·정책_004.txt
한국경제·정책_005.txt
배터리·전기차_001.txt
배터리·전기차_002.txt
배터리·전기차_003.txt
배터리·전기차_004.txt
배터리·전기차_005.txt
배터리·전기차_006.txt
배터리·전기차_007.txt
배터리·전기차_008.txt
배터리·전기차_009.txt
배터리·전기차_010.txt
배터리·전기차_011.txt
배터리·전기차_012.txt
배터리·전기차_013.txt
주식·투자·금융_001.txt
주식·투자·금융_002.txt
주식·투자·금융_003.txt
주식·투자·금융_004.txt
주식·투자·금융_005.txt
주식·투자·금융_006.txt
주식·투자·금융_007.txt
주식·투자·금융_008.txt
주식·투자·금융_009.txt
주식·투자·금융_010.txt
주식·투자·금융_011.txt
주식·투자·금융_012.txt
주식·투자·금융_013.txt
주식·투자·금융_014.txt
주식·투자·금융_015.txt
주식·투자·금융_016.txt
주식·투자·금융_017.txt
주식·투자·금융_018.txt
주식·투자·금융_019.txt
주식·투자·금융_020.txt
주식·투자·금융_021.txt
주식·투자·금융_022.txt
주식·투자·금융_023.txt
주식·투자·금융_024.txt
주식·투자·금융_025.txt
주식·투자·금융_026.txt
주식·투자·금융_027.txt
주식·투자·금융_028.txt
주식·투자·금융_029.txt
주식·투자·금융_030.txt
주식·투자·금융_031.txt
주식·투자·금융_032.txt
주식·투자·금융_033.txt
주식·투자·금융_034.txt
주식·투자·금융_035.txt
중동·지정학_001.txt
중동·지정학_002.txt
중동·지정학_003.txt
중동·지정학_004.txt
중동·지정학_005.txt
중동·지정학_006.txt
중동·지정학_007.txt
중동·지정학_008.txt
중동·지정학_009.txt
중동·지정학_010.txt
중동·지정학_011.txt
중동·지정학_012.txt
중동·지정학_014.txt
중동·지정학_015.txt
중동·지정학_016.txt
중동·지정학_018.txt
중동·지정학_020.txt
중동·지정학_021.txt
중동·지정학_013.txt
중동·지정학_017.txt
중동·지정학_024.txt
중동·지정학_025.txt
중동·지정학_026.txt
중동·지정학_027.txt
중동·지정학_028.txt
중동·지정학_029.txt
중동·지정학_022.txt
중동·지정학_019.txt
중동·지정학_023.txt
반도체·AI·기술_002.txt
반도체·AI·기술_004.txt
반도체·AI·기술_006.txt
반도체·AI·기술_008.txt
반도체·AI·기술_001.txt
반도체·AI·기술_005.txt
반도체·AI·기술_010.txt
반도체·AI·기술_003.txt
반도체·AI·기술_009.txt
반도체·AI·기술_011.txt
반도체·AI·기술_013.txt
반도체·AI·기술_007.txt
반도체·AI·기술_017.txt
반도체·AI·기술_016.txt
반도체·AI·기술_018.txt
반도체·AI·기술_012.txt
반도체·AI·기술_019.txt
반도체·AI·기술_015.txt
반도체·AI·기술_020.txt
반도체·AI·기술_014.txt
반도체·AI·기술_021.txt
반도체·AI·기술_022.txt
반도체·AI·기술_023.txt
반도체·AI·기술_024.txt
반도체·AI·기술_029.txt
반도체·AI·기술_027.txt
반도체·AI·기술_028.txt
반도체·AI·기술_030.txt
반도체·AI·기술_031.txt
반도체·AI·기술_026.txt
반도체·AI·기술_033.txt
반도체·AI·기술_034.txt
반도체·AI·기술_036.txt
반도체·AI·기술_037.txt
반도체·AI·기술_035.txt
반도체·AI·기술_032.txt
반도체·AI·기술_039.txt
반도체·AI·기술_025.txt
반도체·AI·기술_042.txt
반도체·AI·기술_043.txt
반도체·AI·기술_044.txt
반도체·AI·기술_040.txt
반도체·AI·기술_038.txt
반도체·AI·기술_041.txt
환율·외환시장_004.txt
환율·외환시장_002.txt
환율·외환시장_001.txt
환율·외환시장_003.txt
환율·외환시장_009.txt
환율·외환시장_006.txt
환율·외환시장_010.txt
환율·외환시장_005.txt
환율·외환시장_011.txt
환율·외환시장_013.txt
환율·외환시장_012.txt
환율·외환시장_007.txt
환율·외환시장_014.txt
환율·외환시장_016.txt
환율·외환시장_015.txt
환율·외환시장_008.txt
환율·외환시장_017.txt
환율·외환시장_018.txt
환율·외환시장_019.txt
환율·외환시장_020.txt
환율·외환시장_021.txt
환율·외환시장_022.txt
환율·외환시장_024.txt
환율·외환시장_025.txt
환율·외환시장_023.txt
환율·외환시장_029.txt
환율·외환시장_026.txt
환율·외환시장_028.txt
환율·외환시장_030.txt
환율·외환시장_031.txt
환율·외환시장_032.txt
환율·외환시장_033.txt
환율·외환시장_027.txt
환율·외환시장_036.txt
환율·외환시장_034.txt
환율·외환시장_037.txt
환율·외환시장_038.txt
환율·외환시장_042.txt
환율·외환시장_040.txt
환율·외환시장_044.txt
환율·외환시장_039.txt
환율·외환시장_045.txt
환율·외환시장_046.txt
환율·외환시장_035.txt
환율·외환시장_048.txt
환율·외환시장_041.txt
환율·외환시장_043.txt
환율·외환시장_049.txt
환율·외환시장_047.txt
환율·외환시장_052.txt
환율·외환시장_053.txt
환율·외환시장_050.txt
환율·외환시장_055.txt
환율·외환시장_056.txt
환율·외환시장_051.txt
환율·외환시장_054.txt
미국경제·정책_001.txt
미국경제·정책_004.txt
미국경제·정책_005.txt
미국경제·정책_002.txt
미국경제·정책_008.txt
미국경제·정책_010.txt
미국경제·정책_009.txt
미국경제·정책_003.txt
미국경제·정책_006.txt
미국경제·정책_007.txt
미국경제·정책_013.txt
미국경제·정책_012.txt
미국경제·정책_016.txt
미국경제·정책_015.txt
미국경제·정책_011.txt
미국경제·정책_017.txt
미국경제·정책_020.txt
미국경제·정책_014.txt
미국경제·정책_022.txt
미국경제·정책_019.txt
미국경제·정책_024.txt
미국경제·정책_023.txt
미국경제·정책_018.txt
미국경제·정책_026.txt
미국경제·정책_027.txt
미국경제·정책_029.txt
미국경제·정책_021.txt
미국경제·정책_030.txt
미국경제·정책_031.txt
미국경제·정책_025.txt
미국경제·정책_028.txt
미국경제·정책_033.txt
미국경제·정책_032.txt
미국경제·정책_035.txt
미국경제·정책_034.txt
미국경제·정책_037.txt
미국경제·정책_038.txt
미국경제·정책_041.txt
미국경제·정책_036.txt
미국경제·정책_043.txt
미국경제·정책_044.txt
미국경제·정책_040.txt
미국경제·정책_047.txt
미국경제·정책_042.txt
미국경제·정책_045.txt
미국경제·정책_039.txt
미국경제·정책_051.txt
미국경제·정책_050.txt
미국경제·정책_049.txt
미국경제·정책_052.txt
미국경제·정책_053.txt
미국경제·정책_054.txt
미국경제·정책_046.txt
미국경제·정책_048.txt
미국경제·정책_056.txt
미국경제·정책_055.txt
중국경제·정치_001.txt
중국경제·정치_005.txt
중국경제·정치_002.txt
중국경제·정치_008.txt
중국경제·정치_007.txt
중국경제·정치_003.txt
중국경제·정치_004.txt
중국경제·정치_006.txt
중국경제·정치_009.txt
중국경제·정치_013.txt
중국경제·정치_010.txt
중국경제·정치_014.txt
중국경제·정치_011.txt
중국경제·정치_015.txt
중국경제·정치_018.txt
중국경제·정치_017.txt
중국경제·정치_012.txt
중국경제·정치_021.txt
중국경제·정치_016.txt
중국경제·정치_024.txt
중국경제·정치_020.txt
중국경제·정치_026.txt
중국경제·정치_023.txt
중국경제·정치_025.txt
중국경제·정치_019.txt
중국경제·정치_029.txt
중국경제·정치_022.txt
중국경제·정치_028.txt
중국경제·정치_033.txt
중국경제·정치_027.txt
중국경제·정치_031.txt
중국경제·정치_034.txt
중국경제·정치_030.txt
중국경제·정치_036.txt
중국경제·정치_035.txt
중국경제·정치_032.txt
중국경제·정치_038.txt
중국경제·정치_037.txt
중국경제·정치_039.txt
중국경제·정치_040.txt
중국경제·정치_041.txt
중국경제·정치_042.txt
중국경제·정치_043.txt
중국경제·정치_047.txt
중국경제·정치_048.txt
중국경제·정치_046.txt
중국경제·정치_044.txt
중국경제·정치_051.txt
중국경제·정치_052.txt
중국경제·정치_045.txt
중국경제·정치_050.txt
중국경제·정치_055.txt
중국경제·정치_056.txt
중국경제·정치_049.txt
중국경제·정치_053.txt
중국경제·정치_054.txt
부동산·건설·PF_003.txt
부동산·건설·PF_005.txt
부동산·건설·PF_007.txt
부동산·건설·PF_004.txt
부동산·건설·PF_002.txt
부동산·건설·PF_009.txt
부동산·건설·PF_008.txt
부동산·건설·PF_010.txt
부동산·건설·PF_012.txt
부동산·건설·PF_006.txt
부동산·건설·PF_001.txt
부동산·건설·PF_011.txt
부동산·건설·PF_013.txt
부동산·건설·PF_017.txt
부동산·건설·PF_014.txt
부동산·건설·PF_015.txt
부동산·건설·PF_016.txt
부동산·건설·PF_019.txt
부동산·건설·PF_022.txt
부동산·건설·PF_023.txt
부동산·건설·PF_024.txt
부동산·건설·PF_021.txt
부동산·건설·PF_025.txt
부동산·건설·PF_026.txt
부동산·건설·PF_027.txt
부동산·건설·PF_029.txt
부동산·건설·PF_030.txt
부동산·건설·PF_031.txt
부동산·건설·PF_018.txt
부동산·건설·PF_032.txt
부동산·건설·PF_020.txt
부동산·건설·PF_028.txt
부동산·건설·PF_035.txt
부동산·건설·PF_036.txt
부동산·건설·PF_033.txt
부동산·건설·PF_038.txt
부동산·건설·PF_039.txt
부동산·건설·PF_034.txt
부동산·건설·PF_041.txt
부동산·건설·PF_040.txt
부동산·건설·PF_042.txt
부동산·건설·PF_037.txt
부동산·건설·PF_043.txt
부동산·건설·PF_045.txt
부동산·건설·PF_047.txt
부동산·건설·PF_048.txt
부동산·건설·PF_049.txt
부동산·건설·PF_046.txt
부동산·건설·PF_052.txt
부동산·건설·PF_051.txt
부동산·건설·PF_055.txt
부동산·건설·PF_054.txt
부동산·건설·PF_044.txt
부동산·건설·PF_056.txt
부동산·건설·PF_057.txt
부동산·건설·PF_058.txt
부동산·건설·PF_050.txt
부동산·건설·PF_053.txt
금리·채권·통화정책_003.txt
금리·채권·통화정책_001.txt
금리·채권·통화정책_002.txt
금리·채권·통화정책_008.txt
금리·채권·통화정책_004.txt
금리·채권·통화정책_005.txt
금리·채권·통화정책_009.txt
금리·채권·통화정책_010.txt
금리·채권·통화정책_007.txt
금리·채권·통화정책_011.txt
금리·채권·통화정책_006.txt
금리·채권·통화정책_012.txt
금리·채권·통화정책_014.txt
금리·채권·통화정책_015.txt
금리·채권·통화정책_016.txt
금리·채권·통화정책_017.txt
금리·채권·통화정책_018.txt
금리·채권·통화정책_019.txt
금리·채권·통화정책_013.txt
금리·채권·통화정책_023.txt
금리·채권·통화정책_022.txt
금리·채권·통화정책_024.txt
금리·채권·통화정책_021.txt
금리·채권·통화정책_025.txt
금리·채권·통화정책_028.txt
금리·채권·통화정책_027.txt
금리·채권·통화정책_030.txt
금리·채권·통화정책_031.txt
금리·채권·통화정책_029.txt
금리·채권·통화정책_020.txt
금리·채권·통화정책_032.txt
금리·채권·통화정책_034.txt
금리·채권·통화정책_035.txt
금리·채권·통화정책_026.txt
금리·채권·통화정책_036.txt
금리·채권·통화정책_033.txt
금리·채권·통화정책_040.txt
금리·채권·통화정책_037.txt
금리·채권·통화정책_042.txt
금리·채권·통화정책_044.txt
금리·채권·통화정책_038.txt
금리·채권·통화정책_041.txt
금리·채권·통화정책_045.txt
금리·채권·통화정책_046.txt
금리·채권·통화정책_039.txt
금리·채권·통화정책_043.txt
금리·채권·통화정책_047.txt
금리·채권·통화정책_048.txt
금리·채권·통화정책_050.txt
금리·채권·통화정책_049.txt
금리·채권·통화정책_051.txt
금리·채권·통화정책_053.txt
금리·채권·통화정책_054.txt
금리·채권·통화정책_056.txt
금리·채권·통화정책_058.txt
금리·채권·통화정책_059.txt
금리·채권·통화정책_060.txt
금리·채권·통화정책_052.txt
금리·채권·통화정책_061.txt
금리·채권·통화정책_063.txt
금리·채권·통화정책_055.txt
금리·채권·통화정책_065.txt
금리·채권·통화정책_066.txt
금리·채권·통화정책_064.txt
금리·채권·통화정책_057.txt
금리·채권·통화정책_062.txt
에너지·원자재·기후_001.txt
에너지·원자재·기후_005.txt
에너지·원자재·기후_003.txt
에너지·원자재·기후_007.txt
에너지·원자재·기후_006.txt
에너지·원자재·기후_004.txt
에너지·원자재·기후_010.txt
에너지·원자재·기후_009.txt
에너지·원자재·기후_012.txt
에너지·원자재·기후_008.txt
에너지·원자재·기후_002.txt
에너지·원자재·기후_013.txt
에너지·원자재·기후_011.txt
에너지·원자재·기후_016.txt
에너지·원자재·기후_015.txt
에너지·원자재·기후_018.txt
에너지·원자재·기후_019.txt
에너지·원자재·기후_021.txt
에너지·원자재·기후_014.txt
에너지·원자재·기후_023.txt
에너지·원자재·기후_024.txt
에너지·원자재·기후_020.txt
에너지·원자재·기후_017.txt
에너지·원자재·기후_025.txt
에너지·원자재·기후_022.txt
에너지·원자재·기후_027.txt
에너지·원자재·기후_028.txt
에너지·원자재·기후_031.txt
에너지·원자재·기후_030.txt
에너지·원자재·기후_032.txt
에너지·원자재·기후_029.txt
에너지·원자재·기후_034.txt
에너지·원자재·기후_033.txt
에너지·원자재·기후_026.txt
에너지·원자재·기후_036.txt
에너지·원자재·기후_035.txt
에너지·원자재·기후_037.txt
에너지·원자재·기후_038.txt
에너지·원자재·기후_040.txt
에너지·원자재·기후_039.txt
에너지·원자재·기후_041.txt
에너지·원자재·기후_042.txt
에너지·원자재·기후_046.txt
에너지·원자재·기후_047.txt
에너지·원자재·기후_044.txt
에너지·원자재·기후_045.txt
에너지·원자재·기후_048.txt
에너지·원자재·기후_051.txt
에너지·원자재·기후_043.txt
에너지·원자재·기후_049.txt
에너지·원자재·기후_053.txt
에너지·원자재·기후_055.txt
에너지·원자재·기후_054.txt
에너지·원자재·기후_050.txt
에너지·원자재·기후_056.txt
에너지·원자재·기후_057.txt
에너지·원자재·기후_052.txt
에너지·원자재·기후_058.txt
에너지·원자재·기후_061.txt
에너지·원자재·기후_062.txt
에너지·원자재·기후_060.txt
에너지·원자재·기후_063.txt
에너지·원자재·기후_064.txt
에너지·원자재·기후_066.txt
에너지·원자재·기후_067.txt
에너지·원자재·기후_068.txt
에너지·원자재·기후_069.txt
에너지·원자재·기후_071.txt
에너지·원자재·기후_070.txt
에너지·원자재·기후_072.txt
에너지·원자재·기후_073.txt
에너지·원자재·기후_059.txt
에너지·원자재·기후_065.txt
에너지·원자재·기후_077.txt
에너지·원자재·기후_078.txt
에너지·원자재·기후_079.txt
에너지·원자재·기후_074.txt
에너지·원자재·기후_080.txt
에너지·원자재·기후_081.txt
에너지·원자재·기후_083.txt
에너지·원자재·기후_075.txt
에너지·원자재·기후_076.txt
에너지·원자재·기후_085.txt
에너지·원자재·기후_087.txt
에너지·원자재·기후_088.txt
에너지·원자재·기후_089.txt
에너지·원자재·기후_082.txt
에너지·원자재·기후_084.txt
에너지·원자재·기후_090.txt
에너지·원자재·기후_092.txt
에너지·원자재·기후_091.txt
에너지·원자재·기후_086.txt
에너지·원자재·기후_093.txt
에너지·원자재·기후_095.txt
에너지·원자재·기후_096.txt
에너지·원자재·기후_098.txt
에너지·원자재·기후_097.txt
에너지·원자재·기후_094.txt
에너지·원자재·기후_099.txt
에너지·원자재·기후_100.txt
에너지·원자재·기후_101.txt
에너지·원자재·기후_102.txt
에너지·원자재·기후_103.txt
에너지·원자재·기후_104.txt
에너지·원자재·기후_105.txt
에너지·원자재·기후_108.txt
에너지·원자재·기후_109.txt
에너지·원자재·기후_106.txt
에너지·원자재·기후_110.txt
에너지·원자재·기후_111.txt
에너지·원자재·기후_113.txt
에너지·원자재·기후_114.txt
에너지·원자재·기후_116.txt
에너지·원자재·기후_115.txt
에너지·원자재·기후_117.txt
에너지·원자재·기후_118.txt
에너지·원자재·기후_107.txt
에너지·원자재·기후_112.txt
에너지·원자재·기후_123.txt
에너지·원자재·기후_122.txt
에너지·원자재·기후_124.txt
에너지·원자재·기후_121.txt
에너지·원자재·기후_119.txt
에너지·원자재·기후_125.txt
에너지·원자재·기후_126.txt
에너지·원자재·기후_128.txt
에너지·원자재·기후_130.txt
에너지·원자재·기후_132.txt
에너지·원자재·기후_120.txt
에너지·원자재·기후_127.txt
에너지·원자재·기후_133.txt
에너지·원자재·기후_129.txt
에너지·원자재·기후_134.txt
에너지·원자재·기후_131.txt
글로벌 기타_001.txt
글로벌 기타_004.txt
글로벌 기타_005.txt
글로벌 기타_008.txt
글로벌 기타_002.txt
글로벌 기타_009.txt
글로벌 기타_003.txt
글로벌 기타_011.txt
글로벌 기타_007.txt
글로벌 기타_006.txt
글로벌 기타_013.txt
글로벌 기타_015.txt
글로벌 기타_010.txt
글로벌 기타_016.txt
글로벌 기타_017.txt
글로벌 기타_014.txt
글로벌 기타_012.txt
글로벌 기타_018.txt
글로벌 기타_019.txt
글로벌 기타_022.txt
글로벌 기타_023.txt
글로벌 기타_024.txt
글로벌 기타_020.txt
글로벌 기타_027.txt
글로벌 기타_025.txt
글로벌 기타_028.txt
글로벌 기타_026.txt
글로벌 기타_031.txt
글로벌 기타_032.txt
글로벌 기타_033.txt
글로벌 기타_034.txt
글로벌 기타_021.txt
글로벌 기타_030.txt
글로벌 기타_037.txt
글로벌 기타_029.txt
글로벌 기타_035.txt
글로벌 기타_039.txt
글로벌 기타_036.txt
글로벌 기타_041.txt
글로벌 기타_042.txt
글로벌 기타_040.txt
글로벌 기타_044.txt
글로벌 기타_043.txt
글로벌 기타_046.txt
글로벌 기타_047.txt
글로벌 기타_048.txt
글로벌 기타_038.txt
글로벌 기타_049.txt
글로벌 기타_051.txt
글로벌 기타_052.txt
글로벌 기타_053.txt
글로벌 기타_045.txt
글로벌 기타_055.txt
글로벌 기타_056.txt
글로벌 기타_059.txt
글로벌 기타_058.txt
글로벌 기타_054.txt
글로벌 기타_060.txt
글로벌 기타_057.txt
글로벌 기타_061.txt
글로벌 기타_050.txt
글로벌 기타_064.txt
글로벌 기타_063.txt
글로벌 기타_067.txt
글로벌 기타_068.txt
글로벌 기타_069.txt
글로벌 기타_062.txt
글로벌 기타_065.txt
글로벌 기타_066.txt
글로벌 기타_071.txt
글로벌 기타_072.txt
글로벌 기타_073.txt
글로벌 기타_070.txt
글로벌 기타_076.txt
글로벌 기타_078.txt
글로벌 기타_077.txt
글로벌 기타_080.txt
글로벌 기타_075.txt
글로벌 기타_083.txt
글로벌 기타_084.txt
글로벌 기타_079.txt
글로벌 기타_085.txt
글로벌 기타_081.txt
글로벌 기타_074.txt
글로벌 기타_082.txt
글로벌 기타_090.txt
글로벌 기타_088.txt
글로벌 기타_087.txt
글로벌 기타_086.txt
글로벌 기타_092.txt
글로벌 기타_089.txt
글로벌 기타_091.txt
글로벌 기타_093.txt
글로벌 기타_097.txt
글로벌 기타_094.txt
글로벌 기타_099.txt
글로벌 기타_096.txt
글로벌 기타_100.txt
글로벌 기타_101.txt
글로벌 기타_095.txt
글로벌 기타_098.txt
글로벌 기타_103.txt
글로벌 기타_104.txt
글로벌 기타_106.txt
글로벌 기타_108.txt
글로벌 기타_109.txt
글로벌 기타_111.txt
글로벌 기타_102.txt
글로벌 기타_105.txt
글로벌 기타_112.txt
글로벌 기타_107.txt
글로벌 기타_113.txt
글로벌 기타_115.txt
글로벌 기타_114.txt
글로벌 기타_110.txt
글로벌 기타_117.txt
글로벌 기타_116.txt
글로벌 기타_118.txt
글로벌 기타_119.txt
글로벌 기타_122.txt
글로벌 기타_120.txt
글로벌 기타_121.txt
글로벌 기타_127.txt
글로벌 기타_126.txt
글로벌 기타_123.txt
글로벌 기타_124.txt
글로벌 기타_129.txt
글로벌 기타_132.txt
글로벌 기타_134.txt
글로벌 기타_131.txt
글로벌 기타_130.txt
글로벌 기타_137.txt
글로벌 기타_138.txt
글로벌 기타_135.txt
글로벌 기타_139.txt
글로벌 기타_140.txt
글로벌 기타_142.txt
글로벌 기타_143.txt
글로벌 기타_141.txt
글로벌 기타_133.txt
글로벌 기타_144.txt
글로벌 기타_145.txt
글로벌 기타_136.txt
